// Jest Snapshot v1, https://goo.gl/fbAQLP

exports[`<Bet /> matches snapshot 1`] = `
<div>
  <h1>
     Player : 
    zero
  </h1>
  <p>
     
    testing
     : 
    3
      
    0
  </p>
  <button
    onClick={[Function]}
    style={
      Object {
        "color": "black",
      }
    }
  >
     X 
  </button>
</div>
`;
