// Jest Snapshot v1, https://goo.gl/fbAQLP

exports[`<CardContainer /> matches snapshot 1`] = `
<div
  className="sc-jzJRlG bgPJAT"
>
  <div
    className="sc-cSHVUG jAnVpe"
  >
    <div
      className="sc-kAzzGY iOhABo"
    >
      <h2>
        Quick Bets - NFL
      </h2>
    </div>
    <div
      className="sc-chPdSV kWeWpb"
    />
  </div>
</div>
`;
